consectetur 04:00:00 7.2.2016
consectetur 04:00:00 7.9.2016
